
    ============================
    Calculator Test Suite Report
    ============================

    Total tests run: 9
    Tests passed:    9
    Tests failed:    0
    Errors:          0

    Execution time:  2.01 seconds

    Detailed Results:
    -----------------
    ============================================================================ test session starts ============================================================================
platform darwin -- Python 3.11.9, pytest-7.4.4, pluggy-1.0.0 -- /Users/Minh/anaconda3/bin/python
cachedir: .pytest_cache
rootdir: /Users/Minh/Desktop/my_projects/calculator-test-automation
plugins: web3-6.18.0, anyio-4.2.0
collecting ... collected 9 items

test_calculator.py::test_addition PASSED                                                                                                                              [ 11%]
test_calculator.py::test_subtraction PASSED                                                                                                                           [ 22%]
test_calculator.py::test_multiplication PASSED                                                                                                                        [ 33%]
test_calculator.py::test_division PASSED                                                                                                                              [ 44%]
test_calculator.py::test_edge_cases PASSED                                                                                                                            [ 55%]
test_calculator.py::test_divide_by_zero_error PASSED                                                                                                                  [ 66%]
test_calculator.py::test_invalid_operation PASSED                                                                                                                     [ 77%]
test_calculator.py::test_large_numbers PASSED                                                                                                                         [ 88%]
test_calculator.py::test_precision PASSED                                                                                                                             [100%]

============================================================================= 9 passed in 0.02s =============================================================================

    